../Core/Src/comparator.c:34:6:Comparator_Init_EdgeCounting	8	static
../Core/Src/comparator.c:53:6:Comparator_Update_EdgeCount	16	static
../Core/Src/comparator.c:74:9:Comparator_Calculate_Frequency	16	static
../Core/Src/comparator.c:106:7:Comparator_Calculate_Speed	4	static
../Core/Src/comparator.c:125:7:Comparator_Get_Frequency	4	static
../Core/Src/comparator.c:134:7:Comparator_Get_Speed	4	static
../Core/Src/comparator.c:143:10:Comparator_Get_EdgeCount	4	static
../Core/Src/comparator.c:152:9:Comparator_Get_SamplingProgress	24	static
